== Sat Oct  3 07:58:09 PM PDT 2026 attempts -> results/attempts
Tarmac SL9 + 70 kg: 78.2 kg, self-stable 4.70..7.74 m/s; start at 5.5 m/s, gusts 5 Nm, 48 riders on cuda
sensory gain overrides: {'hs_heading': 150.0, 'hs_lane': 50.0}
lane filter from results/probe.json: 14 features: DNpe013_L +4.2, DNg41_L +12.9, DNg41_R -14.9, DNp18_R -6.6, DNa16_R -5.5, DNb03_L +5.8, DNa06_L +5.8, DNp15_R -7.9, DNge107_R +4.5, DNge086_R -4.1, DNge031_R -4.5, DNge033_L +4.4, GNG283_L +7.8, GNG283_R -11.4
senses : VS_L 16, HS_L 5, HALT_L 104, JO_L 228, LEG1_L 45, VS_R 18, HS_R 5, HALT_R 101, JO_R 247, LEG1_R 20  (789 neurons)
readout: DNp20_L 1, DNp20_R 1, DNp22_L 1, DNp22_R 1, DNg46_L 1, DNg46_R 1, DNge043_L 1, DNge043_R 1, DNb06_L 1, DNb06_R 1, DNp17_L 6, DNp17_R 6, DNpe013_L 1, DNpe013_R 1, DNge097_L 1, DNge097_R 1, DNg94_L 1, DNg94_R 1, DNg90_L 1, DNg90_R 1, DNge088_L 1, DNge088_R 1, DNp33_L 1, DNp33_R 1, DNge091_L 7, DNge091_R 7, DNg29_L 1, DNg29_R 1, DNg41_L 1, DNg41_R 1, DNp18_L 1, DNp18_R 1, DNp73_L 1, DNp73_R 1, DNb04_L 1, DNb04_R 1, b1 MN_L 1, b1 MN_R 1, b2 MN_L 1, b2 MN_R 1, b3 MN_L 1, b3 MN_R 1, hg1 MN_L 1, hg1 MN_R 1, hi2 MN_L 2, hi2 MN_R 2, i2 MN_L 1, i2 MN_R 1, DNa01_L 1, DNa01_R 1, DNa02_L 1, DNa02_R 1, DNa03_L 1, DNa03_R 1, DNb01_L 1, DNb01_R 1, DNp09_L 1, DNp09_R 1, DNg100_L 1, DNg100_R 1, DNg97_L 1, DNg97_R 1, MDN_L 2, MDN_R 2, DNp01_L 1, DNp01_R 1, DNa16_L 1, DNa16_R 1, DNb03_L 2, DNb03_R 2, DNa06_L 1, DNa06_R 1, DNp15_L 1, DNp15_R 1, DNge107_L 1, DNge107_R 1, DNge086_L 1, DNge086_R 1, DNge031_L 1, DNge031_R 1, DNge033_L 1, DNge033_R 1, GNG283_L 1, GNG283_R 1
brain: 166,700 neurons, 789 driven, 112 read out, w_syn 0.1238 mV
CEM starts from best_theta of results/attempts/init_blank.json; 85 new decoder weights start at 0 with width 0.1
lane-filter gain starts at 0.00 with width 1.0
  after warm-up, DN rates (Hz): DNp20_L 39, DNp20_R 24, DNp22_R 1, DNg46_L 1, DNg46_R 2, DNge043_L 9, DNge043_R 17, DNb06_L 37, DNpe013_L 5, DNpe013_R 6, DNg94_R 1, DNg90_R 2, DNp33_L 27, DNp33_R 12, DNge091_L 3, DNg29_L 48, DNg29_R 30, DNg41_L 27, DNg41_R 33, DNp18_L 34, DNp18_R 48, DNp73_L 65, DNp73_R 9, b2 MN_L 11, b2 MN_R 5, hg1 MN_L 24, hg1 MN_R 14, DNa01_L 2, DNa02_L 1, DNa02_R 1, DNa03_L 1, DNa03_R 4, DNa16_L 4, DNa16_R 10, DNb03_L 6, DNb03_R 5, DNa06_L 11, DNa06_R 15, DNp15_L 5, DNp15_R 32, DNge107_L 2, DNge107_R 20, DNge086_R 3, DNge031_L 21, DNge031_R 24, DNge033_L 10, DNge033_R 17, GNG283_L 5, GNG283_R 17
  population 20,578 spikes/s per brain
gen  0  fit best   5.01 mean   0.98  upright  0.91 s (max  4.81,   0% finish)  dist   4.8 m  |y| 0.75 m  v 5.52  bailed 0  pop 89,667 sp/s  100s
gen  1  fit best   7.63 mean   1.57  upright  1.45 s (max  7.09,   0% finish)  dist   7.6 m  |y| 0.87 m  v 5.49  bailed 0  pop 89,258 sp/s  146s
gen  2  fit best   8.01 mean   2.42  upright  2.25 s (max  7.55,   0% finish)  dist  11.8 m  |y| 1.83 m  v 5.49  bailed 0  pop 77,155 sp/s  154s
gen  3  fit best  12.47 mean   3.64  upright  3.39 s (max 11.71,   0% finish)  dist  17.5 m  |y| 2.67 m  v 5.42  bailed 0  pop 76,520 sp/s  237s
gen  4  fit best  14.72 mean   6.02  upright  5.64 s (max 13.46,   0% finish)  dist  28.6 m  |y| 3.11 m  v 5.20  bailed 0  pop 68,035 sp/s  271s
gen  5  fit best  15.92 mean   6.93  upright  6.50 s (max 15.00,   2% finish)  dist  33.0 m  |y| 3.28 m  v 5.18  bailed 0  pop 67,713 sp/s  302s
gen  6  fit best  15.94 mean   7.97  upright  7.52 s (max 15.00,   4% finish)  dist  38.2 m  |y| 3.29 m  v 5.14  bailed 0  pop 68,605 sp/s  300s
gen  7  fit best  16.28 mean   9.20  upright  8.66 s (max 15.00,  17% finish)  dist  43.5 m  |y| 2.72 m  v 5.10  bailed 0  pop 68,221 sp/s  300s
gen  8  fit best  16.19 mean   9.60  upright  9.07 s (max 15.00,  12% finish)  dist  45.7 m  |y| 3.01 m  v 5.01  bailed 0  pop 66,261 sp/s  300s
gen  9  fit best  16.21 mean  10.30  upright  9.72 s (max 15.00,  15% finish)  dist  49.1 m  |y| 3.01 m  v 5.02  bailed 0  pop 65,066 sp/s  299s
gen 10  fit best  16.39 mean  11.09  upright 10.45 s (max 15.00,  25% finish)  dist  53.2 m  |y| 2.79 m  v 5.02  bailed 0  pop 67,052 sp/s  300s
gen 11  fit best  16.41 mean  11.55  upright 10.91 s (max 15.00,  25% finish)  dist  54.6 m  |y| 2.55 m  v 4.95  bailed 0  pop 67,035 sp/s  299s
gen 12  fit best  16.46 mean   9.95  upright  9.40 s (max 15.00,  23% finish)  dist  48.5 m  |y| 2.78 m  v 5.09  bailed 0  pop 66,006 sp/s  299s
gen 13  fit best  16.33 mean  11.90  upright 11.30 s (max 15.00,  21% finish)  dist  58.4 m  |y| 2.94 m  v 5.07  bailed 0  pop 68,077 sp/s  299s
gen 14  fit best  16.47 mean  11.13  upright 10.49 s (max 15.00,  31% finish)  dist  54.2 m  |y| 2.66 m  v 5.06  bailed 0  pop 68,080 sp/s  298s
gen 15  fit best  16.37 mean  12.01  upright 11.30 s (max 15.00,  33% finish)  dist  57.9 m  |y| 2.43 m  v 5.05  bailed 0  pop 68,867 sp/s  298s
gen 16  fit best  16.48 mean  12.05  upright 11.34 s (max 15.00,  31% finish)  dist  59.0 m  |y| 2.79 m  v 5.20  bailed 0  pop 69,984 sp/s  297s
gen 17  fit best  16.45 mean  12.40  upright 11.71 s (max 15.00,  38% finish)  dist  60.5 m  |y| 2.51 m  v 5.08  bailed 0  pop 68,964 sp/s  298s
gen 18  fit best  16.46 mean  13.00  upright 12.18 s (max 15.00,  52% finish)  dist  63.7 m  |y| 1.91 m  v 5.17  bailed 0  pop 68,580 sp/s  298s
gen 19  fit best  16.40 mean  13.58  upright 12.76 s (max 15.00,  42% finish)  dist  65.8 m  |y| 2.15 m  v 5.06  bailed 0  pop 69,111 sp/s  298s
gen 20  fit best  16.45 mean  13.46  upright 12.65 s (max 15.00,  54% finish)  dist  66.8 m  |y| 2.12 m  v 5.21  bailed 0  pop 69,380 sp/s  298s
gen 21  fit best  16.46 mean  12.94  upright 12.13 s (max 15.00,  46% finish)  dist  63.7 m  |y| 2.51 m  v 5.17  bailed 0  pop 70,387 sp/s  298s
gen 22  fit best  16.48 mean  13.40  upright 12.56 s (max 15.00,  52% finish)  dist  66.1 m  |y| 2.40 m  v 5.16  bailed 0  pop 69,202 sp/s  298s
gen 23  fit best  16.42 mean  13.96  upright 13.16 s (max 15.00,  46% finish)  dist  68.4 m  |y| 2.33 m  v 5.06  bailed 0  pop 69,958 sp/s  297s
gen 24  fit best  16.47 mean  13.03  upright 12.31 s (max 15.00,  46% finish)  dist  63.9 m  |y| 2.39 m  v 5.08  bailed 0  pop 68,422 sp/s  297s
gen 25  fit best  16.38 mean  13.31  upright 12.55 s (max 15.00,  54% finish)  dist  66.0 m  |y| 2.47 m  v 5.22  bailed 0  pop 68,468 sp/s  297s
gen 26  fit best  16.47 mean  13.08  upright 12.28 s (max 15.00,  44% finish)  dist  64.5 m  |y| 2.23 m  v 5.16  bailed 0  pop 69,308 sp/s  297s
gen 27  fit best  16.40 mean  13.29  upright 12.46 s (max 15.00,  48% finish)  dist  65.3 m  |y| 2.36 m  v 5.23  bailed 0  pop 70,968 sp/s  297s
gen 28  fit best  16.51 mean  13.88  upright 12.93 s (max 15.00,  60% finish)  dist  68.0 m  |y| 2.18 m  v 5.19  bailed 0  pop 70,779 sp/s  297s
gen 29  fit best  16.45 mean  14.21  upright 13.31 s (max 15.00,  67% finish)  dist  70.0 m  |y| 1.99 m  v 5.23  bailed 0  pop 71,131 sp/s  298s
gen 30  fit best  16.44 mean  14.33  upright 13.42 s (max 15.00,  67% finish)  dist  70.4 m  |y| 1.95 m  v 5.20  bailed 0  pop 69,978 sp/s  297s
gen 31  fit best  16.42 mean  13.09  upright 12.26 s (max 15.00,  54% finish)  dist  65.0 m  |y| 2.20 m  v 5.24  bailed 0  pop 68,873 sp/s  297s
gen 32  fit best  16.44 mean  13.70  upright 12.88 s (max 15.00,  58% finish)  dist  67.6 m  |y| 2.16 m  v 5.17  bailed 0  pop 70,907 sp/s  297s
gen 33  fit best  16.43 mean  14.90  upright 13.93 s (max 15.00,  73% finish)  dist  73.6 m  |y| 2.01 m  v 5.26  bailed 0  pop 70,501 sp/s  298s
gen 34  fit best  16.44 mean  13.45  upright 12.61 s (max 15.00,  60% finish)  dist  66.0 m  |y| 1.91 m  v 5.22  bailed 0  pop 71,619 sp/s  297s
stopping before gen 35: --max-minutes 170
done: best fitness 16.51, results -> results/attempts/cem.json  (165.6 min)
== done Sat Oct  3 10:43:49 PM PDT 2026
