== 06:29:16 1) probe
  MNhm03               MNhm03_R        R         vnc_motor  7.120000 11.620000  -4.500000  -5.510000

-> results/relearn/probe.json
== 06:30:00 2) ride_slow_mu trace
replay of results/ride_slow_mu.json: upright  8.06 s (max 20.00,   6% finish)  dist  43.3 m  |y| 3.70 m  v 5.73  bailed 0  pop 58,120 sp/s  234s
== 06:33:58 3) zbar
zbar: 10656 on-road samples, |z| uncentred 3.87, lane signal +0.163
== 06:34:01 4) learning from a blank decoder
Tarmac SL9 + 70 kg: 78.2 kg, self-stable 4.70..7.74 m/s; start at 5.5 m/s, gusts 5 Nm, 48 riders on cuda
sensory gain overrides: {'hs_heading': 150.0, 'hs_lane': 50.0}
lane filter from results/relearn/probe.json: 14 features: DNb06_L +3.0, DNg41_L +10.9, DNg41_R -12.6, DNp18_L +3.6, DNa02_R -2.6, DNa16_L +3.8, DNb03_L +6.2, DNa06_L +7.1, DNge107_L +2.0, DNge107_R +3.2, DNge086_R -3.9, DNge033_L +5.8, GNG283_L +10.6, GNG283_R -10.1
senses : VS_L 16, HS_L 5, HALT_L 104, JO_L 228, LEG1_L 45, VS_R 18, HS_R 5, HALT_R 101, JO_R 247, LEG1_R 20  (789 neurons)
readout: DNp20_L 1, DNp20_R 1, DNp22_L 1, DNp22_R 1, DNg46_L 1, DNg46_R 1, DNge043_L 1, DNge043_R 1, DNb06_L 1, DNb06_R 1, DNp17_L 6, DNp17_R 6, DNpe013_L 1, DNpe013_R 1, DNge097_L 1, DNge097_R 1, DNg94_L 1, DNg94_R 1, DNg90_L 1, DNg90_R 1, DNge088_L 1, DNge088_R 1, DNp33_L 1, DNp33_R 1, DNge091_L 7, DNge091_R 7, DNg29_L 1, DNg29_R 1, DNg41_L 1, DNg41_R 1, DNp18_L 1, DNp18_R 1, DNp73_L 1, DNp73_R 1, DNb04_L 1, DNb04_R 1, b1 MN_L 1, b1 MN_R 1, b2 MN_L 1, b2 MN_R 1, b3 MN_L 1, b3 MN_R 1, hg1 MN_L 1, hg1 MN_R 1, hi2 MN_L 2, hi2 MN_R 2, i2 MN_L 1, i2 MN_R 1, DNa01_L 1, DNa01_R 1, DNa02_L 1, DNa02_R 1, DNa03_L 1, DNa03_R 1, DNb01_L 1, DNb01_R 1, DNp09_L 1, DNp09_R 1, DNg100_L 1, DNg100_R 1, DNg97_L 1, DNg97_R 1, MDN_L 2, MDN_R 2, DNp01_L 1, DNp01_R 1, DNa16_L 1, DNa16_R 1, DNb03_L 2, DNb03_R 2, DNa06_L 1, DNa06_R 1, DNp15_L 1, DNp15_R 1, DNge107_L 1, DNge107_R 1, DNge086_L 1, DNge086_R 1, DNge031_L 1, DNge031_R 1, DNge033_L 1, DNge033_R 1, GNG283_L 1, GNG283_R 1
brain: 166,700 neurons, 789 driven, 112 read out, w_syn 0.1293 mV
CEM starts from best_theta of results/relearn/attempts/init_blank.json; 85 new decoder weights start at 0 with width 0.1
lane-filter gain starts at 0.00 with width 1.0
  after warm-up, DN rates (Hz): DNp20_L 44, DNp20_R 24, DNp22_R 1, DNg46_L 1, DNg46_R 2, DNge043_L 7, DNge043_R 12, DNb06_L 33, DNpe013_L 3, DNpe013_R 3, DNp33_L 25, DNp33_R 13, DNge091_L 4, DNg29_L 54, DNg29_R 33, DNg41_L 23, DNg41_R 27, DNp18_L 45, DNp18_R 47, DNp73_L 62, DNp73_R 12, b2 MN_L 13, b2 MN_R 5, hg1 MN_L 26, hg1 MN_R 14, DNa02_L 1, DNa02_R 1, DNa03_R 3, DNa16_L 2, DNa16_R 9, DNb03_L 6, DNb03_R 5, DNa06_L 5, DNa06_R 9, DNp15_L 7, DNp15_R 31, DNge107_L 3, DNge107_R 17, DNge086_R 4, DNge031_L 28, DNge031_R 26, DNge033_L 4, DNge033_R 10, GNG283_L 3, GNG283_R 17
  population 14,403 spikes/s per brain
gen  0  fit best   5.16 mean   1.05  upright  0.96 s (max  4.81,   0% finish)  dist   5.1 m  |y| 0.73 m  v 5.55  bailed 0  pop 63,659 sp/s  92s
gen  1  fit best   8.59 mean   2.07  upright  1.90 s (max  7.87,   0% finish)  dist  10.2 m  |y| 1.19 m  v 5.56  bailed 0  pop 61,758 sp/s  147s
gen  2  fit best  15.68 mean   3.96  upright  3.69 s (max 15.00,   2% finish)  dist  19.8 m  |y| 2.35 m  v 5.60  bailed 0  pop 51,717 sp/s  276s
gen  3  fit best  13.70 mean   5.11  upright  4.77 s (max 12.64,   0% finish)  dist  25.3 m  |y| 2.78 m  v 5.63  bailed 0  pop 51,157 sp/s  233s
gen  4  fit best  16.55 mean   6.45  upright  5.99 s (max 15.00,   6% finish)  dist  32.1 m  |y| 2.87 m  v 5.62  bailed 0  pop 50,307 sp/s  275s
gen  5  fit best  16.50 mean   8.46  upright  7.88 s (max 15.00,  12% finish)  dist  42.7 m  |y| 2.88 m  v 5.68  bailed 0  pop 46,345 sp/s  275s
gen  6  fit best  16.43 mean   9.12  upright  8.53 s (max 15.00,  15% finish)  dist  46.2 m  |y| 2.91 m  v 5.67  bailed 0  pop 48,055 sp/s  275s
gen  7  fit best  16.41 mean   9.18  upright  8.57 s (max 15.00,  15% finish)  dist  46.8 m  |y| 3.13 m  v 5.65  bailed 0  pop 45,564 sp/s  275s
gen  8  fit best  16.40 mean  11.54  upright 10.84 s (max 15.00,  33% finish)  dist  59.6 m  |y| 2.75 m  v 5.71  bailed 0  pop 42,866 sp/s  275s
gen  9  fit best  16.48 mean  11.83  upright 11.12 s (max 15.00,  29% finish)  dist  61.5 m  |y| 2.89 m  v 5.75  bailed 0  pop 44,444 sp/s  275s
gen 10  fit best  16.49 mean  12.68  upright 11.87 s (max 15.00,  48% finish)  dist  65.6 m  |y| 2.48 m  v 5.75  bailed 0  pop 44,241 sp/s  276s
gen 11  fit best  16.46 mean  12.58  upright 11.76 s (max 15.00,  44% finish)  dist  65.2 m  |y| 2.56 m  v 5.76  bailed 0  pop 44,107 sp/s  276s
gen 12  fit best  16.51 mean  11.37  upright 10.64 s (max 15.00,  33% finish)  dist  59.3 m  |y| 2.74 m  v 5.76  bailed 0  pop 43,409 sp/s  275s
gen 13  fit best  16.55 mean  13.01  upright 12.16 s (max 15.00,  56% finish)  dist  68.2 m  |y| 2.19 m  v 5.76  bailed 0  pop 42,958 sp/s  275s
gen 14  fit best  16.62 mean  13.38  upright 12.50 s (max 15.00,  60% finish)  dist  69.8 m  |y| 1.99 m  v 5.74  bailed 0  pop 42,495 sp/s  275s
gen 15  fit best  16.51 mean  14.34  upright 13.38 s (max 15.00,  73% finish)  dist  74.9 m  |y| 1.82 m  v 5.76  bailed 0  pop 42,627 sp/s  275s
gen 16  fit best  16.51 mean  13.23  upright 12.34 s (max 15.00,  62% finish)  dist  69.2 m  |y| 2.19 m  v 5.78  bailed 0  pop 43,171 sp/s  275s
gen 17  fit best  16.64 mean  13.35  upright 12.39 s (max 15.00,  58% finish)  dist  69.6 m  |y| 2.13 m  v 5.75  bailed 0  pop 40,631 sp/s  275s
gen 18  fit best  16.54 mean  13.26  upright 12.35 s (max 15.00,  58% finish)  dist  69.4 m  |y| 2.04 m  v 5.76  bailed 0  pop 40,309 sp/s  275s
gen 19  fit best  16.53 mean  13.14  upright 12.24 s (max 15.00,  56% finish)  dist  68.7 m  |y| 2.07 m  v 5.74  bailed 0  pop 41,920 sp/s  276s
gen 20  fit best  16.46 mean  12.85  upright 11.96 s (max 15.00,  65% finish)  dist  67.2 m  |y| 2.17 m  v 5.76  bailed 0  pop 40,958 sp/s  276s
gen 21  fit best  16.44 mean  14.88  upright 13.85 s (max 15.00,  77% finish)  dist  77.4 m  |y| 1.83 m  v 5.74  bailed 0  pop 41,982 sp/s  277s
gen 22  fit best  16.59 mean  14.81  upright 13.71 s (max 15.00,  75% finish)  dist  77.4 m  |y| 1.66 m  v 5.80  bailed 0  pop 38,489 sp/s  276s
gen 23  fit best  16.66 mean  15.19  upright 14.03 s (max 15.00,  75% finish)  dist  79.0 m  |y| 1.51 m  v 5.77  bailed 0  pop 38,535 sp/s  276s
gen 24  fit best  16.58 mean  12.72  upright 11.80 s (max 15.00,  54% finish)  dist  66.3 m  |y| 2.06 m  v 5.72  bailed 0  pop 39,030 sp/s  276s
gen 25  fit best  16.57 mean  11.88  upright 11.03 s (max 15.00,  42% finish)  dist  61.7 m  |y| 2.39 m  v 5.68  bailed 0  pop 39,312 sp/s  275s
gen 26  fit best  16.57 mean  13.89  upright 12.89 s (max 15.00,  56% finish)  dist  72.5 m  |y| 2.29 m  v 5.73  bailed 0  pop 39,245 sp/s  274s
gen 27  fit best  16.63 mean  14.14  upright 13.05 s (max 15.00,  65% finish)  dist  73.2 m  |y| 1.84 m  v 5.67  bailed 0  pop 39,623 sp/s  274s
gen 28  fit best  16.62 mean  14.50  upright 13.42 s (max 15.00,  71% finish)  dist  75.2 m  |y| 1.76 m  v 5.72  bailed 0  pop 40,193 sp/s  274s
gen 29  fit best  16.58 mean  15.03  upright 13.88 s (max 15.00,  83% finish)  dist  78.1 m  |y| 1.55 m  v 5.73  bailed 0  pop 37,785 sp/s  274s
gen 30  fit best  16.55 mean  14.67  upright 13.53 s (max 15.00,  73% finish)  dist  76.1 m  |y| 1.91 m  v 5.71  bailed 0  pop 37,981 sp/s  274s
gen 31  fit best  16.64 mean  14.50  upright 13.37 s (max 15.00,  73% finish)  dist  75.3 m  |y| 1.70 m  v 5.72  bailed 0  pop 38,038 sp/s  274s
gen 32  fit best  16.69 mean  15.04  upright 13.86 s (max 15.00,  79% finish)  dist  78.3 m  |y| 1.78 m  v 5.76  bailed 0  pop 38,806 sp/s  274s
gen 33  fit best  16.66 mean  14.59  upright 13.47 s (max 15.00,  71% finish)  dist  75.9 m  |y| 1.87 m  v 5.77  bailed 0  pop 38,624 sp/s  274s
gen 34  fit best  16.58 mean  14.48  upright 13.34 s (max 15.00,  67% finish)  dist  75.4 m  |y| 1.77 m  v 5.80  bailed 0  pop 39,822 sp/s  274s
gen 35  fit best  16.58 mean  14.95  upright 13.81 s (max 15.00,  79% finish)  dist  78.0 m  |y| 1.65 m  v 5.80  bailed 0  pop 39,719 sp/s  274s
gen 36  fit best  16.63 mean  14.87  upright 13.75 s (max 15.00,  73% finish)  dist  77.4 m  |y| 1.65 m  v 5.74  bailed 0  pop 39,656 sp/s  274s
stopping before gen 37: --max-minutes 165
done: best fitness 16.69, results -> results/relearn/attempts/cem.json  (164.3 min)
== done Sun Oct  4 09:18:21 AM PDT 2026
