== 15:42:07 1) probe
== 15:42:07 2) ride_slow_mu trace
== 15:42:07 3) zbar
== 15:42:07 4) learning from a blank decoder
Tarmac SL9 + 70 kg: 78.2 kg, self-stable 4.70..7.74 m/s; start at 5.5 m/s, gusts 5 Nm, 48 riders on cuda
sensory gain overrides: {'hs_heading': 150.0, 'hs_lane': 50.0}
lane filter from results/relearn/probe.json: 14 features: DNb06_L +3.0, DNg41_L +10.9, DNg41_R -12.6, DNp18_L +3.6, DNa02_R -2.6, DNa16_L +3.8, DNb03_L +6.2, DNa06_L +7.1, DNge107_L +2.0, DNge107_R +3.2, DNge086_R -3.9, DNge033_L +5.8, GNG283_L +10.6, GNG283_R -10.1
senses : VS_L 16, HS_L 5, HALT_L 104, JO_L 228, LEG1_L 45, VS_R 18, HS_R 5, HALT_R 101, JO_R 247, LEG1_R 20  (789 neurons)
readout: DNp20_L 1, DNp20_R 1, DNp22_L 1, DNp22_R 1, DNg46_L 1, DNg46_R 1, DNge043_L 1, DNge043_R 1, DNb06_L 1, DNb06_R 1, DNp17_L 6, DNp17_R 6, DNpe013_L 1, DNpe013_R 1, DNge097_L 1, DNge097_R 1, DNg94_L 1, DNg94_R 1, DNg90_L 1, DNg90_R 1, DNge088_L 1, DNge088_R 1, DNp33_L 1, DNp33_R 1, DNge091_L 7, DNge091_R 7, DNg29_L 1, DNg29_R 1, DNg41_L 1, DNg41_R 1, DNp18_L 1, DNp18_R 1, DNp73_L 1, DNp73_R 1, DNb04_L 1, DNb04_R 1, b1 MN_L 1, b1 MN_R 1, b2 MN_L 1, b2 MN_R 1, b3 MN_L 1, b3 MN_R 1, hg1 MN_L 1, hg1 MN_R 1, hi2 MN_L 2, hi2 MN_R 2, i2 MN_L 1, i2 MN_R 1, DNa01_L 1, DNa01_R 1, DNa02_L 1, DNa02_R 1, DNa03_L 1, DNa03_R 1, DNb01_L 1, DNb01_R 1, DNp09_L 1, DNp09_R 1, DNg100_L 1, DNg100_R 1, DNg97_L 1, DNg97_R 1, MDN_L 2, MDN_R 2, DNp01_L 1, DNp01_R 1, DNa16_L 1, DNa16_R 1, DNb03_L 2, DNb03_R 2, DNa06_L 1, DNa06_R 1, DNp15_L 1, DNp15_R 1, DNge107_L 1, DNge107_R 1, DNge086_L 1, DNge086_R 1, DNge031_L 1, DNge031_R 1, DNge033_L 1, DNge033_R 1, GNG283_L 1, GNG283_R 1
brain: 166,700 neurons, 789 driven, 112 read out, w_syn 0.1293 mV
CEM starts from best_theta of results/relearn/attempts/init_blank.json; 85 new decoder weights start at 0 with width 0.1
lane-filter gain starts at 0.00 with width 1.0
  after warm-up, DN rates (Hz): DNp20_L 44, DNp20_R 24, DNp22_R 1, DNg46_L 1, DNg46_R 2, DNge043_L 7, DNge043_R 12, DNb06_L 33, DNpe013_L 3, DNpe013_R 3, DNp33_L 25, DNp33_R 13, DNge091_L 4, DNg29_L 54, DNg29_R 33, DNg41_L 23, DNg41_R 27, DNp18_L 45, DNp18_R 47, DNp73_L 62, DNp73_R 12, b2 MN_L 13, b2 MN_R 5, hg1 MN_L 26, hg1 MN_R 14, DNa02_L 1, DNa02_R 1, DNa03_R 3, DNa16_L 2, DNa16_R 9, DNb03_L 6, DNb03_R 5, DNa06_L 5, DNa06_R 9, DNp15_L 7, DNp15_R 31, DNge107_L 3, DNge107_R 17, DNge086_R 4, DNge031_L 28, DNge031_R 26, DNge033_L 4, DNge033_R 10, GNG283_L 3, GNG283_R 17
  population 14,403 spikes/s per brain
gen  0  fit best   5.16 mean   1.05  upright  0.96 s (max  4.81,   0% finish)  dist   5.1 m  |y| 0.73 m  v 5.55  bailed 0  pop 63,651 sp/s  93s
gen  1  fit best   8.59 mean   2.08  upright  1.92 s (max  7.87,   0% finish)  dist  10.3 m  |y| 1.16 m  v 5.56  bailed 0  pop 61,682 sp/s  148s
gen  2  fit best  15.69 mean   3.95  upright  3.68 s (max 15.00,   2% finish)  dist  19.7 m  |y| 2.34 m  v 5.60  bailed 0  pop 51,467 sp/s  279s
gen  3  fit best  13.70 mean   4.96  upright  4.62 s (max 12.64,   0% finish)  dist  24.5 m  |y| 2.78 m  v 5.62  bailed 0  pop 51,529 sp/s  236s
gen  4  fit best  16.49 mean   7.25  upright  6.78 s (max 15.00,   8% finish)  dist  36.3 m  |y| 2.97 m  v 5.65  bailed 0  pop 48,707 sp/s  278s
gen  5  fit best  16.47 mean   6.57  upright  6.14 s (max 15.00,   6% finish)  dist  33.0 m  |y| 2.99 m  v 5.65  bailed 0  pop 49,798 sp/s  278s
gen  6  fit best  16.43 mean   8.21  upright  7.66 s (max 15.00,   8% finish)  dist  41.6 m  |y| 2.83 m  v 5.67  bailed 0  pop 50,557 sp/s  278s
gen  7  fit best  16.45 mean  10.10  upright  9.41 s (max 15.00,  21% finish)  dist  51.1 m  |y| 3.14 m  v 5.62  bailed 0  pop 44,078 sp/s  278s
gen  8  fit best  16.40 mean  10.40  upright  9.71 s (max 15.00,  17% finish)  dist  52.8 m  |y| 3.21 m  v 5.67  bailed 0  pop 43,263 sp/s  276s
gen  9  fit best  16.30 mean  10.80  upright 10.11 s (max 15.00,  27% finish)  dist  55.8 m  |y| 2.67 m  v 5.70  bailed 0  pop 42,713 sp/s  276s
gen 10  fit best  16.54 mean  11.70  upright 10.93 s (max 15.00,  27% finish)  dist  59.9 m  |y| 2.96 m  v 5.67  bailed 0  pop 41,557 sp/s  276s
gen 11  fit best  16.44 mean  12.13  upright 11.33 s (max 15.00,  31% finish)  dist  62.1 m  |y| 2.80 m  v 5.69  bailed 0  pop 42,012 sp/s  275s
gen 12  fit best  16.53 mean  10.15  upright  9.48 s (max 15.00,  19% finish)  dist  52.2 m  |y| 3.18 m  v 5.69  bailed 0  pop 41,394 sp/s  275s
gen 13  fit best  16.34 mean  11.97  upright 11.16 s (max 15.00,  33% finish)  dist  61.6 m  |y| 2.68 m  v 5.70  bailed 0  pop 41,966 sp/s  275s
gen 14  fit best  16.52 mean  11.76  upright 10.99 s (max 15.00,  33% finish)  dist  60.5 m  |y| 2.71 m  v 5.72  bailed 0  pop 42,068 sp/s  275s
gen 15  fit best  16.46 mean  12.37  upright 11.56 s (max 15.00,  40% finish)  dist  63.5 m  |y| 2.68 m  v 5.69  bailed 0  pop 43,395 sp/s  275s
gen 16  fit best  16.47 mean  14.08  upright 13.11 s (max 15.00,  54% finish)  dist  72.7 m  |y| 2.30 m  v 5.73  bailed 0  pop 41,523 sp/s  275s
gen 17  fit best  16.57 mean  13.27  upright 12.31 s (max 15.00,  50% finish)  dist  68.1 m  |y| 2.40 m  v 5.70  bailed 0  pop 41,334 sp/s  275s
gen 18  fit best  16.47 mean  14.32  upright 13.36 s (max 15.00,  62% finish)  dist  74.0 m  |y| 2.15 m  v 5.72  bailed 0  pop 43,408 sp/s  275s
gen 19  fit best  16.55 mean  13.86  upright 12.89 s (max 15.00,  60% finish)  dist  71.5 m  |y| 2.24 m  v 5.72  bailed 0  pop 42,511 sp/s  275s
gen 20  fit best  16.65 mean  14.09  upright 13.04 s (max 15.00,  62% finish)  dist  72.9 m  |y| 2.10 m  v 5.74  bailed 0  pop 40,531 sp/s  275s
gen 21  fit best  16.63 mean  13.47  upright 12.52 s (max 15.00,  52% finish)  dist  69.7 m  |y| 2.27 m  v 5.72  bailed 0  pop 41,987 sp/s  276s
gen 22  fit best  16.54 mean  14.46  upright 13.42 s (max 15.00,  60% finish)  dist  75.2 m  |y| 2.09 m  v 5.75  bailed 0  pop 40,221 sp/s  276s
gen 23  fit best  16.60 mean  14.81  upright 13.70 s (max 15.00,  73% finish)  dist  76.7 m  |y| 1.72 m  v 5.74  bailed 0  pop 39,862 sp/s  276s
gen 24  fit best  16.54 mean  14.24  upright 13.23 s (max 15.00,  73% finish)  dist  74.0 m  |y| 1.84 m  v 5.73  bailed 0  pop 39,119 sp/s  276s
gen 25  fit best  16.60 mean  14.58  upright 13.50 s (max 15.00,  75% finish)  dist  75.6 m  |y| 2.00 m  v 5.74  bailed 0  pop 39,668 sp/s  276s
gen 26  fit best  16.60 mean  14.39  upright 13.37 s (max 15.00,  73% finish)  dist  75.2 m  |y| 1.95 m  v 5.75  bailed 0  pop 39,149 sp/s  276s
gen 27  fit best  16.62 mean  14.90  upright 13.80 s (max 15.00,  79% finish)  dist  77.6 m  |y| 1.59 m  v 5.76  bailed 0  pop 39,690 sp/s  276s
gen 28  fit best  16.59 mean  15.46  upright 14.32 s (max 15.00,  85% finish)  dist  80.4 m  |y| 1.56 m  v 5.77  bailed 0  pop 39,077 sp/s  275s
gen 29  fit best  16.60 mean  15.00  upright 13.87 s (max 15.00,  77% finish)  dist  77.7 m  |y| 1.65 m  v 5.72  bailed 0  pop 38,494 sp/s  275s
gen 30  fit best  16.57 mean  14.55  upright 13.47 s (max 15.00,  56% finish)  dist  75.8 m  |y| 2.04 m  v 5.77  bailed 0  pop 38,041 sp/s  276s
gen 31  fit best  16.61 mean  15.15  upright 13.98 s (max 15.00,  83% finish)  dist  78.5 m  |y| 1.48 m  v 5.74  bailed 0  pop 37,680 sp/s  275s
gen 32  fit best  16.63 mean  14.93  upright 13.82 s (max 15.00,  77% finish)  dist  77.8 m  |y| 1.59 m  v 5.75  bailed 0  pop 37,520 sp/s  276s
gen 33  fit best  16.69 mean  14.95  upright 13.81 s (max 15.00,  73% finish)  dist  78.1 m  |y| 1.77 m  v 5.79  bailed 0  pop 37,698 sp/s  276s
gen 34  fit best  16.61 mean  14.93  upright 13.78 s (max 15.00,  79% finish)  dist  77.7 m  |y| 1.58 m  v 5.77  bailed 0  pop 39,528 sp/s  276s
gen 35  fit best  16.55 mean  15.22  upright 14.05 s (max 15.00,  83% finish)  dist  79.3 m  |y| 1.77 m  v 5.78  bailed 0  pop 38,125 sp/s  276s
gen 36  fit best  16.66 mean  14.84  upright 13.75 s (max 15.00,  73% finish)  dist  77.4 m  |y| 1.83 m  v 5.76  bailed 0  pop 38,531 sp/s  276s
stopping before gen 37: --max-minutes 165
done: best fitness 16.69, results -> results/relearn/attempts/cem.json  (164.9 min)
== done Sun Oct  4 06:27:08 PM PDT 2026
